mode: set
github.com/skosovsky/go-slerm-base/sprint-5/math-tests/main.go:8.13,11.2 2 0
github.com/skosovsky/go-slerm-base/sprint-5/math-tests/math/add.go:3.24,5.2 1 1
